 In crossing: nxing  0
 In crossing: nxing  0
 In crossing: nxing  0
 In crossing: nxing  0
 In crossing: nxing  0
 In crossing: nxing  0
 In crossing: nxing  0
 In crossing: nxing  0
 In crossing: nxing  0
 In crossing: nxing  0
 In crossing: nxing  0
 In crossing: nxing  0
 In crossing: nxing  0
 In crossing: nxing  0
 In crossing: nxing  0
 In crossing: nxing  0
 In crossing: nxing  0
 In crossing: nxing  0
 In crossing: nxing  0
 In crossing: nxing  0
 In crossing: nxing  0
 In crossing: nxing  0
 In crossing: nxing  0
 In crossing: nxing  0
 In crossing: nxing  0
 In crossing: nxing  0
 In crossing: nxing  0
 In crossing: nxing  0
 In crossing: nxing  0
 In crossing: nxing  0
 In crossing: nxing  0
 In crossing: nxing  0
 In crossing: nxing  0
 In crossing: nxing  0
 In crossing: nxing  0
 In crossing: nxing  0
 In crossing: nxing  0
 In crossing: nxing  0
 In crossing: nxing  0
 In crossing: nxing  0
 In crossing: nxing  0
 In crossing: nxing  0
 In crossing: nxing  0
 In crossing: nxing  0
 In crossing: nxing  0
 In crossing: nxing  0
 In crossing: nxing  0
 In crossing: nxing  0
 In crossing: nxing  0
 In crossing: nxing  0
 In crossing: nxing  0
 In crossing: nxing  0
 In crossing: nxing  0
 In crossing: nxing  0
 In crossing: nxing  0
 In crossing: nxing  0
 In crossing: nxing  0
 In crossing: nxing  0
 In crossing: nxing  0
 In crossing: nxing  0
 In crossing: nxing  0
 In crossing: nxing  0
 In crossing: nxing  0
 In crossing: nxing  0
 In crossing: nxing  0
 In crossing: nxing  0
 In crossing: nxing  0
 In crossing: nxing  0
 In crossing: nxing  0
 In crossing: nxing  0
 In crossing: nxing  0
 In crossing: nxing  0
 In crossing: nxing  0
 In crossing: nxing  0
 In crossing: nxing  0
 In crossing: nxing  0
 In crossing: nxing  0
 In crossing: nxing  0
 In crossing: nxing  0
 In crossing: nxing  0
 In crossing: nxing  0
 In crossing: nxing  0
 In crossing: nxing  0
 In crossing: nxing  0
 In crossing: nxing  0
 In crossing: nxing  0
 In crossing: nxing  0
 In crossing: nxing  0
 In crossing: nxing  0
 In crossing: nxing  0
 In crossing: nxing  0
 In crossing: nxing  0
 In crossing: nxing  0
 In crossing: nxing  0
 In crossing: nxing  0
 In crossing: nxing  0
 In crossing: nxing  0
 In crossing: nxing  0
 In crossing: nxing  0
 In crossing: nxing  0
 In crossing: nxing  0
 In crossing: nxing  0
 In crossing: nxing  0
 In crossing: nxing  0
 In crossing: nxing  0
 In crossing: nxing  0
 In crossing: nxing  0
 In crossing: nxing  0
 In crossing: nxing  0
 In crossing: nxing  0
 In crossing: nxing  0
 In crossing: nxing  0
 In crossing: nxing  0
 In crossing: nxing  0
 In crossing: nxing  0
 In crossing: nxing  0
 In crossing: nxing  0
 In crossing: nxing  0
 In crossing: nxing  0
 In crossing: nxing  0
 In crossing: nxing  0
 In crossing: nxing  0
 In crossing: nxing  0
 In crossing: nxing  0
 In crossing: nxing  0
 In crossing: nxing  0
 In crossing: nxing  0
 In crossing: nxing  0
 In crossing: nxing  0
 In crossing: nxing  0
 In crossing: nxing  0
 In crossing: nxing  0
 In crossing: nxing  0
 In crossing: nxing  0
 In crossing: nxing  0
 In crossing: nxing  0
 In crossing: nxing  0
 In crossing: nxing  0
 In crossing: nxing  0
 In crossing: nxing  0
 In crossing: nxing  0
 In crossing: nxing  0
 In crossing: nxing  0
 In crossing: nxing  0
 In crossing: nxing  0
 In crossing: nxing  0
 In crossing: nxing  0
 In crossing: nxing  0
 In crossing: nxing  0
 In crossing: nxing  0
 In crossing: nxing  0
 In crossing: nxing  0
 In crossing: nxing  0
 In crossing: nxing  0
 In crossing: nxing  0
 In crossing: nxing  0
 In crossing: nxing  0
 In crossing: nxing  0
 In crossing: nxing  0
 In crossing: nxing  0
 In crossing: nxing  0
 In crossing: nxing  0
 In crossing: nxing  0
 In crossing: nxing  0
 In crossing: nxing  0
 In crossing: nxing  0
 In crossing: nxing  0
 In crossing: nxing  0
 In crossing: nxing  0
 In crossing: nxing  0
 In crossing: nxing  0
 In crossing: nxing  0
 In crossing: nxing  0
 In crossing: nxing  0
 In crossing: nxing  0
 In crossing: nxing  0
 In crossing: nxing  0
 In crossing: nxing  0
 In crossing: nxing  0
 In crossing: nxing  0
 In crossing: nxing  0
 In crossing: nxing  0
 In crossing: nxing  0
 In crossing: nxing  0
 In crossing: nxing  0
 In crossing: nxing  0
 In crossing: nxing  0
 In crossing: nxing  0
 In crossing: nxing  0
 In crossing: nxing  0
 In crossing: nxing  0
 In crossing: nxing  0
 In crossing: nxing  0
 In crossing: nxing  0
 In crossing: nxing  0
 In crossing: nxing  0
 In crossing: nxing  0
 In crossing: nxing  0
 In crossing: nxing  0
 In crossing: nxing  0
 In crossing: nxing  0
 In crossing: nxing  0
 In crossing: nxing  0
 In crossing: nxing  0
 In crossing: nxing  0
 In crossing: nxing  0
 In crossing: nxing  0
 In crossing: nxing  0
 In crossing: nxing  0
 In crossing: nxing  0
 In crossing: nxing  0
 In crossing: nxing  0
 In crossing: nxing  0
 In crossing: nxing  0
 In crossing: nxing  0
 In crossing: nxing  0
 In crossing: nxing  0
 In crossing: nxing  0
 In crossing: nxing  0
 In crossing: nxing  0
 In crossing: nxing  0
 In crossing: nxing  0
 In crossing: nxing  0
 In crossing: nxing  0
 In crossing: nxing  0
 In crossing: nxing  0
 In crossing: nxing  0
 In crossing: nxing  0
 In crossing: nxing  0
 In crossing: nxing  0
 In crossing: nxing  0
 In crossing: nxing  0
 In crossing: nxing  0
 In crossing: nxing  0
 In crossing: nxing  0
 In crossing: nxing  0
 In crossing: nxing  0
 In crossing: nxing  0
 In crossing: nxing  0
 In crossing: nxing  0
 In crossing: nxing  0
 In crossing: nxing  0
 In crossing: nxing  0
 In crossing: nxing  0
 In crossing: nxing  0
 In crossing: nxing  0
 In crossing: nxing  0
 In crossing: nxing  0
 In crossing: nxing  0
 In crossing: nxing  0
 In crossing: nxing  0
 In crossing: nxing  0
 In crossing: nxing  0
 In crossing: nxing  0
 In crossing: nxing  0
 In crossing: nxing  0
 In crossing: nxing  0
 In crossing: nxing  0
 In crossing: nxing  0
 In crossing: nxing  0
 In crossing: nxing  0
 In crossing: nxing  0
 In crossing: nxing  0
 In crossing: nxing  0
 In crossing: nxing  0
 In crossing: nxing  0
 In crossing: nxing  0
 In crossing: nxing  0
 In crossing: nxing  0
 In crossing: nxing  0
 In crossing: nxing  0
 In crossing: nxing  0
 In crossing: nxing  0
 In crossing: nxing  0
 In crossing: nxing  0
 In crossing: nxing  0
 In crossing: nxing  0
 In crossing: nxing  0
 In crossing: nxing  0
 In crossing: nxing  0
 In crossing: nxing  0
 In crossing: nxing  0
 In crossing: nxing  0
 In crossing: nxing  0
 In crossing: nxing  0
 In crossing: nxing  0
 In crossing: nxing  0
 In crossing: nxing  0
 In crossing: nxing  0
 In crossing: nxing  0
 In crossing: nxing  0
 In crossing: nxing  0
 In crossing: nxing  0
 In crossing: nxing  0
 In crossing: nxing  0
 In crossing: nxing  0
 In crossing: nxing  0
 In crossing: nxing  0
 In crossing: nxing  0
 In crossing: nxing  0
 In crossing: nxing  0
 In crossing: nxing  0
 In crossing: nxing  0
 In crossing: nxing  0
 In crossing: nxing  0
 In crossing: nxing  0
 In crossing: nxing  0
 In crossing: nxing  0
 In crossing: nxing  0
 In crossing: nxing  0
 In crossing: nxing  0
 In crossing: nxing  0
 In crossing: nxing  0
 In crossing: nxing  0
 In crossing: nxing  0
 In crossing: nxing  0
 In crossing: nxing  0
 In crossing: nxing  0
 In crossing: nxing  0
 In crossing: nxing  0
 In crossing: nxing  0
 In crossing: nxing  0
 In crossing: nxing  0
 In crossing: nxing  0
 In crossing: nxing  0
 In crossing: nxing  0
 In crossing: nxing  0
 In crossing: nxing  0
 In crossing: nxing  0
 In crossing: nxing  0
 In crossing: nxing  0
 In crossing: nxing  0
 In crossing: nxing  0
 In crossing: nxing  0
 In crossing: nxing  0
 In crossing: nxing  0
 In crossing: nxing  0
 In crossing: nxing  0
 In crossing: nxing  0
 In crossing: nxing  0
 In crossing: nxing  0
 In crossing: nxing  0
 In crossing: nxing  0
 In crossing: nxing  0
 In crossing: nxing  0
 In crossing: nxing  0
 In crossing: nxing  0
 In crossing: nxing  0
 In crossing: nxing  0
 In crossing: nxing  0
 In crossing: nxing  0
 In crossing: nxing  0
 In crossing: nxing  0
 In crossing: nxing  0
 In crossing: nxing  0
 In crossing: nxing  0
 In crossing: nxing  0
 In crossing: nxing  0
 In crossing: nxing  0
 In crossing: nxing  0
 In crossing: nxing  0
 In crossing: nxing  0
 In crossing: nxing  0
 In crossing: nxing  0
 In crossing: nxing  0
 In crossing: nxing  0
 In crossing: nxing  0
 In crossing: nxing  0
 In crossing: nxing  0
 In crossing: nxing  0
 In crossing: nxing  0
 In crossing: nxing  0
 In crossing: nxing  0
 In crossing: nxing  0
 In crossing: nxing  0
 In crossing: nxing  0
 In crossing: nxing  0
 In crossing: nxing  0
 In crossing: nxing  0
 In crossing: nxing  0
 In crossing: nxing  0
 In crossing: nxing  0
 In crossing: nxing  0
 In crossing: nxing  0
 In crossing: nxing  0
 In crossing: nxing  0
 In crossing: nxing  0
 In crossing: nxing  0
 In crossing: nxing  0
 In crossing: nxing  0
 In crossing: nxing  0
 In crossing: nxing  0
 In crossing: nxing  0
 In crossing: nxing  0
 In crossing: nxing  0
 In crossing: nxing  0
 In crossing: nxing  0
 In crossing: nxing  0
 In crossing: nxing  0
 In crossing: nxing  0
 In crossing: nxing  0
 In crossing: nxing  0
 In crossing: nxing  0
 In crossing: nxing  0
 In crossing: nxing  0
 In crossing: nxing  0
 In crossing: nxing  0
 In crossing: nxing  0
 In crossing: nxing  0
 In crossing: nxing  0
 In crossing: nxing  0
 In crossing: nxing  0
 In crossing: nxing  0
 In crossing: nxing  0
 In crossing: nxing  0
 In crossing: nxing  0
 In crossing: nxing  0
 In crossing: nxing  0
 In crossing: nxing  0
 In crossing: nxing  0
 In crossing: nxing  0
 In crossing: nxing  0
 In crossing: nxing  0
 In crossing: nxing  0
 In crossing: nxing  0
 In crossing: nxing  0
 In crossing: nxing  0
 In crossing: nxing  0
 In crossing: nxing  0
 In crossing: nxing  0
 In crossing: nxing  0
 In crossing: nxing  0
 In crossing: nxing  0
 In crossing: nxing  0
 In crossing: nxing  0
 In crossing: nxing  0
 In crossing: nxing  0
 In crossing: nxing  0
 In crossing: nxing  0
 In crossing: nxing  0
 In crossing: nxing  0
 In crossing: nxing  0
 In crossing: nxing  0
 In crossing: nxing  0
 In crossing: nxing  0
 In crossing: nxing  0
 In crossing: nxing  0
 In crossing: nxing  0
 In crossing: nxing  0
 In crossing: nxing  0
 In crossing: nxing  0
 In crossing: nxing  0
 In crossing: nxing  0
 In crossing: nxing  0
 In crossing: nxing  0
 In crossing: nxing  0
 In crossing: nxing  0
 In crossing: nxing  0
 In crossing: nxing  0
 In crossing: nxing  0
 In crossing: nxing  0
 In crossing: nxing  0
 In crossing: nxing  0
 In crossing: nxing  0
 In crossing: nxing  0
 In crossing: nxing  0
 In crossing: nxing  0
 In crossing: nxing  0
 In crossing: nxing  0
 In crossing: nxing  0
 In crossing: nxing  0
 In crossing: nxing  0
 In crossing: nxing  0
 In crossing: nxing  0
 In crossing: nxing  0
 In crossing: nxing  0
 In crossing: nxing  0
 In crossing: nxing  0
 In crossing: nxing  0
 In crossing: nxing  0
 In crossing: nxing  0
 In crossing: nxing  0
 In crossing: nxing  0
 In crossing: nxing  0
 In crossing: nxing  0
 In crossing: nxing  0
 In crossing: nxing  0
 In crossing: nxing  0
 In crossing: nxing  0
 In crossing: nxing  0
 In crossing: nxing  0
 In crossing: nxing  0
 In crossing: nxing  0
 In crossing: nxing  0
 In crossing: nxing  0
 In crossing: nxing  0
 In crossing: nxing  0
 In crossing: nxing  0
 In crossing: nxing  0
 In crossing: nxing  0
 In crossing: nxing  0
 In crossing: nxing  0
 In crossing: nxing  0
 In crossing: nxing  0
 In crossing: nxing  0
 In crossing: nxing  0
 In crossing: nxing  0
 In crossing: nxing  0
 In crossing: nxing  0
 In crossing: nxing  0
 In crossing: nxing  0
 In crossing: nxing  0
 In crossing: nxing  0
 In crossing: nxing  0
 In crossing: nxing  0
 In crossing: nxing  0
 In crossing: nxing  0
 In crossing: nxing  0
 In crossing: nxing  0
 In crossing: nxing  0
 In crossing: nxing  0
 In crossing: nxing  0
 In crossing: nxing  0
 In crossing: nxing  0
 In crossing: nxing  0
 In crossing: nxing  0
 In crossing: nxing  0
 In crossing: nxing  0
 In crossing: nxing  0
 In crossing: nxing  0
 In crossing: nxing  0
 In crossing: nxing  0
 In crossing: nxing  0
 In crossing: nxing  0
 In crossing: nxing  0
 In crossing: nxing  0
 In crossing: nxing  0
 In crossing: nxing  0
 In crossing: nxing  0
 In crossing: nxing  0
 In crossing: nxing  0
 In crossing: nxing  0
 In crossing: nxing  0
 In crossing: nxing  0
 In crossing: nxing  0
 In crossing: nxing  0
 In crossing: nxing  0
 In crossing: nxing  0
 In crossing: nxing  0
 In crossing: nxing  0
 In crossing: nxing  0
 In crossing: nxing  0
 In crossing: nxing  0
 In crossing: nxing  0
 In crossing: nxing  0
 In crossing: nxing  0
 In crossing: nxing  0
 In crossing: nxing  0
 In crossing: nxing  0
 In crossing: nxing  0
 In crossing: nxing  0
 In crossing: nxing  0
 In crossing: nxing  0
 In crossing: nxing  0
 In crossing: nxing  0
 In crossing: nxing  0
 In crossing: nxing  0
 In crossing: nxing  0
 In crossing: nxing  0
 In crossing: nxing  0
 In crossing: nxing  0
 In crossing: nxing  0
 In crossing: nxing  0
 In crossing: nxing  0
 In crossing: nxing  0
 In crossing: nxing  0
 In crossing: nxing  0
 In crossing: nxing  0
 In crossing: nxing  0
 In crossing: nxing  0
 In crossing: nxing  0
 In crossing: nxing  0
 In crossing: nxing  0
 In crossing: nxing  0
 In crossing: nxing  0
 In crossing: nxing  0
 In crossing: nxing  0
 In crossing: nxing  0
 In crossing: nxing  0
 In crossing: nxing  0
 In crossing: nxing  0
 In crossing: nxing  0
 In crossing: nxing  0
 In crossing: nxing  0
 In crossing: nxing  0
 In crossing: nxing  0
 In crossing: nxing  0
 In crossing: nxing  0
 In crossing: nxing  0
 In crossing: nxing  0
 In crossing: nxing  0
 In crossing: nxing  0
 In crossing: nxing  0
 In crossing: nxing  0
 In crossing: nxing  0
 In crossing: nxing  0
 In crossing: nxing  0
 In crossing: nxing  0
 In crossing: nxing  0
 In crossing: nxing  0
 In crossing: nxing  0
 In crossing: nxing  0
 In crossing: nxing  0
 In crossing: nxing  0
 In crossing: nxing  0
 In crossing: nxing  0
 In crossing: nxing  0
 In crossing: nxing  0
 In crossing: nxing  0
 In crossing: nxing  0
 In crossing: nxing  0
 In crossing: nxing  0
 In crossing: nxing  0
 In crossing: nxing  0
 In crossing: nxing  0
 In crossing: nxing  0
 In crossing: nxing  0
 In crossing: nxing  0
 In crossing: nxing  0
 In crossing: nxing  0
 In crossing: nxing  0
 In crossing: nxing  0
 In crossing: nxing  0
 In crossing: nxing  0
 In crossing: nxing  0
 In crossing: nxing  0
 In crossing: nxing  0
 In crossing: nxing  0
 In crossing: nxing  0
 In crossing: nxing  0
 In crossing: nxing  0
 In crossing: nxing  0
 In crossing: nxing  0
 In crossing: nxing  0
 In crossing: nxing  0
 In crossing: nxing  0
 In crossing: nxing  0
 In crossing: nxing  0
 In crossing: nxing  0
 In crossing: nxing  0
 In crossing: nxing  0
 In crossing: nxing  0
 In crossing: nxing  0
 In crossing: nxing  0
 In crossing: nxing  0
 In crossing: nxing  0
 In crossing: nxing  0
 In crossing: nxing  0
 In crossing: nxing  0
 In crossing: nxing  0
 In crossing: nxing  0
 In crossing: nxing  0
 In crossing: nxing  0
 In crossing: nxing  0
 In crossing: nxing  0
 In crossing: nxing  0
 In crossing: nxing  0
 In crossing: nxing  0
 In crossing: nxing  0
 In crossing: nxing  0
 In crossing: nxing  0
 In crossing: nxing  0
 In crossing: nxing  0
 In crossing: nxing  0
 In crossing: nxing  0
 In crossing: nxing  0
 In crossing: nxing  0
 In crossing: nxing  0
 In crossing: nxing  0
 In crossing: nxing  0
 In crossing: nxing  0
 In crossing: nxing  0
 In crossing: nxing  0
 In crossing: nxing  0
 In crossing: nxing  0
 In crossing: nxing  0
 In crossing: nxing  0
 In crossing: nxing  0
 In crossing: nxing  0
 In crossing: nxing  0
 In crossing: nxing  0
 In crossing: nxing  0
 In crossing: nxing  0
 In crossing: nxing  0
 In crossing: nxing  0
 In crossing: nxing  0
 In crossing: nxing  0
 In crossing: nxing  0
 In crossing: nxing  0
 In crossing: nxing  0
 In crossing: nxing  0
 In crossing: nxing  0
 In crossing: nxing  0
 In crossing: nxing  0
 In crossing: nxing  0
 In crossing: nxing  0
 In crossing: nxing  0
 In crossing: nxing  0
 In crossing: nxing  0
 In crossing: nxing  0
 In crossing: nxing  0
 In crossing: nxing  0
 In crossing: nxing  0
 In crossing: nxing  0
 In crossing: nxing  0
 In crossing: nxing  0
 In crossing: nxing  0
 In crossing: nxing  0
 In crossing: nxing  0
 In crossing: nxing  0
 In crossing: nxing  0
 In crossing: nxing  0
 In crossing: nxing  0
 In crossing: nxing  0
 In crossing: nxing  0
 In crossing: nxing  0
 In crossing: nxing  0
 In crossing: nxing  0
 In crossing: nxing  0
 In crossing: nxing  0
 In crossing: nxing  0
 In crossing: nxing  0
 In crossing: nxing  0
 In crossing: nxing  0
 In crossing: nxing  0
 In crossing: nxing  0
 In crossing: nxing  0
 In crossing: nxing  0
 In crossing: nxing  0
 In crossing: nxing  0
 In crossing: nxing  0
 In crossing: nxing  0
 In crossing: nxing  0
 In crossing: nxing  0
 In crossing: nxing  0
 In crossing: nxing  0
 In crossing: nxing  0
 In crossing: nxing  0
 In crossing: nxing  0
 In crossing: nxing  0
 In crossing: nxing  0
 In crossing: nxing  0
 In crossing: nxing  0
 In crossing: nxing  0
 In crossing: nxing  0
 In crossing: nxing  0
 In crossing: nxing  0
 In crossing: nxing  0
 In crossing: nxing  0
 In crossing: nxing  0
 In crossing: nxing  0
 In crossing: nxing  0
 In crossing: nxing  0
 In crossing: nxing  0
 In crossing: nxing  0
 In crossing: nxing  0
 In crossing: nxing  0
 In crossing: nxing  0
 In crossing: nxing  0
 In crossing: nxing  0
 In crossing: nxing  0
 In crossing: nxing  0
 In crossing: nxing  0
 In crossing: nxing  0
 In crossing: nxing  0
 In crossing: nxing  0
 In crossing: nxing  0
 In crossing: nxing  0
 In crossing: nxing  0
 In crossing: nxing  0
 In crossing: nxing  0
 In crossing: nxing  0
 In crossing: nxing  0
 In crossing: nxing  0
 In crossing: nxing  0
 In crossing: nxing  0
 In crossing: nxing  0
 In crossing: nxing  0
 In crossing: nxing  0
 In crossing: nxing  0
 In crossing: nxing  0
 In crossing: nxing  0
 In crossing: nxing  0
 In crossing: nxing  0
 In crossing: nxing  0
 In crossing: nxing  0
 In crossing: nxing  0
 In crossing: nxing  0
 In crossing: nxing  0
 In crossing: nxing  0
 In crossing: nxing  0
 In crossing: nxing  0
 In crossing: nxing  0
 In crossing: nxing  0
 In crossing: nxing  0
 In crossing: nxing  0
 In crossing: nxing  0
 In crossing: nxing  0
 In crossing: nxing  0
 In crossing: nxing  0
 In crossing: nxing  0
 In crossing: nxing  0
 In crossing: nxing  0
 In crossing: nxing  0
 In crossing: nxing  0
 In crossing: nxing  0
 In crossing: nxing  0
 In crossing: nxing  0
 In crossing: nxing  0
 In crossing: nxing  0
 In crossing: nxing  0
 In crossing: nxing  0
 In crossing: nxing  0
 In crossing: nxing  0
 In crossing: nxing  0
 In crossing: nxing  0
 In crossing: nxing  0
 In crossing: nxing  0
 In crossing: nxing  0
 In crossing: nxing  0
 In crossing: nxing  0
 In crossing: nxing  0
 In crossing: nxing  0
 In crossing: nxing  0
 In crossing: nxing  0
 In crossing: nxing  0
 In crossing: nxing  0
 In crossing: nxing  0
 In crossing: nxing  0
 In crossing: nxing  0
 In crossing: nxing  0
 In crossing: nxing  0
 In crossing: nxing  0
 In crossing: nxing  0
 In crossing: nxing  0
 In crossing: nxing  0
 In crossing: nxing  0
 In crossing: nxing  0
 In crossing: nxing  0
 In crossing: nxing  0
 In crossing: nxing  0
 In crossing: nxing  0
 In crossing: nxing  0
 In crossing: nxing  0
 In crossing: nxing  0
 In crossing: nxing  0
 In crossing: nxing  0
 In crossing: nxing  0
 In crossing: nxing  0
 In crossing: nxing  0
 In crossing: nxing  0
 In crossing: nxing  0
 In crossing: nxing  0
 In crossing: nxing  0
 In crossing: nxing  0
 In crossing: nxing  0
 In crossing: nxing  0
 In crossing: nxing  0
 In crossing: nxing  0
 In crossing: nxing  0
 In crossing: nxing  0
 In crossing: nxing  0
 In crossing: nxing  0
 In crossing: nxing  0
 In crossing: nxing  0
 In crossing: nxing  0
 In crossing: nxing  0
 In crossing: nxing  0
 In crossing: nxing  0
 In crossing: nxing  0
 In crossing: nxing  0
 In crossing: nxing  0
 In crossing: nxing  0
 In crossing: nxing  0
 In crossing: nxing  0
 In crossing: nxing  0
 In crossing: nxing  0
 In crossing: nxing  0
 In crossing: nxing  0
 In crossing: nxing  0
 In crossing: nxing  0
 In crossing: nxing  0
 In crossing: nxing  0
 In crossing: nxing  0
 In crossing: nxing  0
 In crossing: nxing  0
 In crossing: nxing  0
 In crossing: nxing  0
 In crossing: nxing  0
 In crossing: nxing  0
 In crossing: nxing  0
 In crossing: nxing  0
 In crossing: nxing  0
 In crossing: nxing  0
 In crossing: nxing  0
 In crossing: nxing  0
 In crossing: nxing  0
 In crossing: nxing  0
 In crossing: nxing  0
 In crossing: nxing  0
 In crossing: nxing  0
 In crossing: nxing  0
 In crossing: nxing  0
 In crossing: nxing  0
 In crossing: nxing  0
 In crossing: nxing  0
 In crossing: nxing  0
 In crossing: nxing  0
 In crossing: nxing  0
 In crossing: nxing  0
 In crossing: nxing  0
 In crossing: nxing  0
 In crossing: nxing  0
 In crossing: nxing  0
 In crossing: nxing  0
 In crossing: nxing  0
 In crossing: nxing  0
 In crossing: nxing  0
 In crossing: nxing  0
 In crossing: nxing  0
 In crossing: nxing  0
 In crossing: nxing  0
 In crossing: nxing  0
 In crossing: nxing  0
 In crossing: nxing  0
 In crossing: nxing  0
 In crossing: nxing  0
 In crossing: nxing  0
 In crossing: nxing  0
 In crossing: nxing  0
 In crossing: nxing  0
 In crossing: nxing  0
 In crossing: nxing  0
 In crossing: nxing  0
 In crossing: nxing  0
 In crossing: nxing  0
 In crossing: nxing  0
 In crossing: nxing  0
 In crossing: nxing  0
 In crossing: nxing  0
 In crossing: nxing  0
 In crossing: nxing  0
 In crossing: nxing  0
 In crossing: nxing  0
 In crossing: nxing  0
 In crossing: nxing  0
 In crossing: nxing  0
 In crossing: nxing  0
 In crossing: nxing  0
 In crossing: nxing  0
 In crossing: nxing  0
 In crossing: nxing  0
 In crossing: nxing  0
 In crossing: nxing  0
 In crossing: nxing  0
 In crossing: nxing  0
 In crossing: nxing  0
 In crossing: nxing  0
 In crossing: nxing  0
 In crossing: nxing  0
 In crossing: nxing  0
 In crossing: nxing  0
 In crossing: nxing  0
 In crossing: nxing  0
 In crossing: nxing  0
 In crossing: nxing  0
 In crossing: nxing  0
 In crossing: nxing  0
 In crossing: nxing  0
 In crossing: nxing  0
 In crossing: nxing  0
 In crossing: nxing  0
 In crossing: nxing  0
 In crossing: nxing  0
 In crossing: nxing  0
 In crossing: nxing  0
 In crossing: nxing  0
 In crossing: nxing  0
 In crossing: nxing  0
 In crossing: nxing  0
 In crossing: nxing  0
 In crossing: nxing  0
 In crossing: nxing  0
 In crossing: nxing  0
 In crossing: nxing  0
 In crossing: nxing  0
 In crossing: nxing  0
 In crossing: nxing  0
 In crossing: nxing  0
 In crossing: nxing  0
